// Jest Snapshot v1, https://jestjs.io/docs/snapshot-testing

exports[`Todo Item Match snapshot 1`] = `
<DocumentFragment>
  <div
    class="flex items-center justify-between bg-white rouded p-3 shadow-sm"
  >
    <span
      class="flex items-center justify-between px-4 py-3 rounded-xl shadow-sm transition-all duration-200  hover:bg-blue-100"
    >
      1. Learn Testing
    </span>
    <button
      class="ml-3 text-red-500 hover:text-red-700 font-bold"
    >
      Ã—
    </button>
  </div>
</DocumentFragment>
`;
